===> Execution context
Current directory: /usr/tests
Environment variables:
    BLOCKSIZE=K
    HOME=/root
    LANG=en_US.UTF-8
    LOGNAME=root
    MAIL=/var/mail/root
    MM_CHARSET=UTF-8
    OLDPWD=/root
    PATH=/sbin:/bin:/usr/sbin:/usr/bin:/usr/local/sbin:/usr/local/bin:/root/bin
    PWD=/usr/tests
    SHELL=/usr/local/bin/zsh
    SHLVL=0
    SSH_CLIENT=192.168.2.17 47400 22
    SSH_CONNECTION=192.168.2.17 47400 192.168.2.235 22
    TERM=su
    USER=root
    _=/usr/local/bin/kyua
===> usr.bin/cut/cut2_test:s_flag
Result:     passed
Start time: 2019-07-03T17:52:34.861986Z
End time:   2019-07-03T17:52:34.878021Z
Duration:   0.016s

Metadata:
    allowed_architectures is empty
    allowed_platforms is empty
    description = Check -s flag
    has_cleanup = false
    is_exclusive = false
    required_configs is empty
    required_disk_space = 0
    required_files is empty
    required_memory = 0
    required_programs is empty
    required_user is empty
    timeout = 300

Standard output:
Executing command [ cut -d, -f 1 -s ]
Executing command [ cut -d, -f 4 -s ]
Executing command [ cut -d c -f 1 -s ]
Executing command [ cut -d! -f 1 -s ]
===> usr.bin/cut/cut_test:basic
Result:     passed
Start time: 2019-07-03T17:52:34.898998Z
End time:   2019-07-03T17:52:34.921310Z
Duration:   0.022s

Metadata:
    allowed_architectures is empty
    allowed_platforms is empty
    description = Checks basic functionality
    has_cleanup = false
    is_exclusive = false
    required_configs is empty
    required_disk_space = 0
    required_files is empty
    required_memory = 0
    required_programs is empty
    required_user is empty
    timeout = 300
===> usr.bin/cut/cut_test:dflag
Result:     passed
Start time: 2019-07-03T17:52:34.922093Z
End time:   2019-07-03T17:52:34.932454Z
Duration:   0.010s

Metadata:
    allowed_architectures is empty
    allowed_platforms is empty
    description = Checks -d flag
    has_cleanup = false
    is_exclusive = false
    required_configs is empty
    required_disk_space = 0
    required_files is empty
    required_memory = 0
    required_programs is empty
    required_user is empty
    timeout = 300
===> usr.bin/cut/cut_test:dsflag
Result:     passed
Start time: 2019-07-03T17:52:34.933102Z
End time:   2019-07-03T17:52:34.942990Z
Duration:   0.010s

Metadata:
    allowed_architectures is empty
    allowed_platforms is empty
    description = Checks -s and -d flags combined
    has_cleanup = false
    is_exclusive = false
    required_configs is empty
    required_disk_space = 0
    required_files is empty
    required_memory = 0
    required_programs is empty
    required_user is empty
    timeout = 300
===> usr.bin/cut/cut_test:latin1
Result:     passed
Start time: 2019-07-03T17:52:34.943607Z
End time:   2019-07-03T17:52:34.951734Z
Duration:   0.008s

Metadata:
    allowed_architectures is empty
    allowed_platforms is empty
    description = Checks support for non-ascii characters
    has_cleanup = false
    is_exclusive = false
    required_configs is empty
    required_disk_space = 0
    required_files is empty
    required_memory = 0
    required_programs is empty
    required_user is empty
    timeout = 300

Standard output:
Executing command [ cut -b 6,7,8 /usr/tests/usr.bin/cut/d_latin1.in ]
Executing command [ cut -c 6,7,8 /usr/tests/usr.bin/cut/d_latin1.in ]
===> usr.bin/cut/cut_test:sflag
Result:     passed
Start time: 2019-07-03T17:52:34.952365Z
End time:   2019-07-03T17:52:34.961923Z
Duration:   0.010s

Metadata:
    allowed_architectures is empty
    allowed_platforms is empty
    description = Checks -s flag
    has_cleanup = false
    is_exclusive = false
    required_configs is empty
    required_disk_space = 0
    required_files is empty
    required_memory = 0
    required_programs is empty
    required_user is empty
    timeout = 300
===> usr.bin/cut/cut_test:utf8
Result:     passed
Start time: 2019-07-03T17:52:34.962567Z
End time:   2019-07-03T17:52:34.970800Z
Duration:   0.008s

Metadata:
    allowed_architectures is empty
    allowed_platforms is empty
    description = Checks support for multibyte characters
    has_cleanup = false
    is_exclusive = false
    required_configs is empty
    required_disk_space = 0
    required_files is empty
    required_memory = 0
    required_programs is empty
    required_user is empty
    timeout = 300

Standard output:
Executing command [ cut -b 6,7,8 /usr/tests/usr.bin/cut/d_utf8.in ]
Executing command [ cut -c 6,7,8 /usr/tests/usr.bin/cut/d_utf8.in ]
===> Passed tests
usr.bin/cut/cut2_test:s_flag  ->  passed  [0.016s]
usr.bin/cut/cut_test:basic  ->  passed  [0.022s]
usr.bin/cut/cut_test:dflag  ->  passed  [0.010s]
usr.bin/cut/cut_test:dsflag  ->  passed  [0.010s]
usr.bin/cut/cut_test:latin1  ->  passed  [0.008s]
usr.bin/cut/cut_test:sflag  ->  passed  [0.010s]
usr.bin/cut/cut_test:utf8  ->  passed  [0.008s]
===> Summary
Results read from /root/.kyua/store/results.usr_tests.20190703-175234-446732.db
Test cases: 7 total, 0 skipped, 0 expected failures, 0 broken, 0 failed
Start time: 2019-07-03T17:52:34.861986Z
End time:   2019-07-03T17:52:34.970800Z
Total time: 0.085s
